[    0.000000] Linux version 7.2.1 (pedro@gamebox) (gcc (Ubuntu 13.3.0-6ubuntu2~24.04.1) 13.3.0, GNU ld (GNU Binutils for Ubuntu) 2.42) #1 SMP PREEMPT_DYNAMIC Fri Aug 28 03:26:06 -03 2026
[    0.000000] x86/CPU: Model not found in latest microcode list
[    0.000000] BIOS-provided physical RAM map:
[    0.000000] BIOS-e820: [mem 0x0000000000000000-0x000000000009fbff]  System RAM
[    0.000000] BIOS-e820: [mem 0x000000000009fc00-0x000000000009ffff]  device reserved
[    0.000000] BIOS-e820: [gap 0x00000000000a0000-0x00000000000effff]
[    0.000000] BIOS-e820: [mem 0x00000000000f0000-0x00000000000fffff]  device reserved
[    0.000000] BIOS-e820: [mem 0x0000000000100000-0x0000000007fdffff]  System RAM
[    0.000000] BIOS-e820: [mem 0x0000000007fe0000-0x0000000007ffffff]  device reserved
[    0.000000] BIOS-e820: [gap 0x0000000008000000-0x00000000fffbffff]
[    0.000000] BIOS-e820: [mem 0x00000000fffc0000-0x00000000ffffffff]  device reserved
[    0.000000] Notice: NX (Execute Disable) protection missing in CPU!
[    0.000000] APIC: Static calls initialized
[    0.000000] DMI: SMBIOS 3.0.0 present.
[    0.000000] DMI: QEMU Ubuntu 24.04 PC v2 (i440FX + PIIX, arch_caps fix, 1996), BIOS 1.16.3-debian-1.16.3-2 04/01/2014
[    0.000000] DMI: Memory slots populated: 1/1
[    0.000000] last_pfn = 0x7fe0 max_arch_pfn = 0x100000
[    0.000000] MTRRs disabled (not available)
[    0.000000] x86/PAT: PAT not supported by the CPU.
[    0.000000] x86/PAT: Configuration [0-7]: WB  WT  UC- UC  WB  WT  UC- UC  
[    0.000000] found SMP MP-table at [mem 0x000f5480-0x000f548f]
[    0.000000] RAMDISK: [mem 0x00632000-0x00869fff]
[    0.000000] ACPI: Early table checksum verification disabled
[    0.000000] ACPI: RSDP 0x00000000000F5290 000014 (v00 BOCHS )
[    0.000000] ACPI: RSDT 0x0000000007FE1C52 000034 (v01 BOCHS  BXPC     00000001 BXPC 00000001)
[    0.000000] ACPI: FACP 0x0000000007FE1B06 000074 (v01 BOCHS  BXPC     00000001 BXPC 00000001)
[    0.000000] ACPI: DSDT 0x0000000007FE0040 001AC6 (v01 BOCHS  BXPC     00000001 BXPC 00000001)
[    0.000000] ACPI: FACS 0x0000000007FE0000 000040
[    0.000000] ACPI: APIC 0x0000000007FE1B7A 000078 (v03 BOCHS  BXPC     00000001 BXPC 00000001)
[    0.000000] ACPI: HPET 0x0000000007FE1BF2 000038 (v01 BOCHS  BXPC     00000001 BXPC 00000001)
[    0.000000] ACPI: WAET 0x0000000007FE1C2A 000028 (v01 BOCHS  BXPC     00000001 BXPC 00000001)
[    0.000000] ACPI: Reserving FACP table memory at [mem 0x7fe1b06-0x7fe1b79]
[    0.000000] ACPI: Reserving DSDT table memory at [mem 0x7fe0040-0x7fe1b05]
[    0.000000] ACPI: Reserving FACS table memory at [mem 0x7fe0000-0x7fe003f]
[    0.000000] ACPI: Reserving APIC table memory at [mem 0x7fe1b7a-0x7fe1bf1]
[    0.000000] ACPI: Reserving HPET table memory at [mem 0x7fe1bf2-0x7fe1c29]
[    0.000000] ACPI: Reserving WAET table memory at [mem 0x7fe1c2a-0x7fe1c51]
[    0.000000] 127MB LOWMEM available.
[    0.000000]   mapped low ram: 0 - 07fe0000
[    0.000000]   low ram: 0 - 07fe0000
[    0.000000] ACPI: PM-Timer IO Port: 0x608
[    0.000000] ACPI: LAPIC_NMI (acpi_id[0xff] dfl dfl lint[0x1])
[    0.000000] IOAPIC[0]: apic_id 0, version 32, address 0xfec00000, GSI 0-23
[    0.000000] ACPI: INT_SRC_OVR (bus 0 bus_irq 0 global_irq 2 dfl dfl)
[    0.000000] ACPI: INT_SRC_OVR (bus 0 bus_irq 5 global_irq 5 high level)
[    0.000000] ACPI: INT_SRC_OVR (bus 0 bus_irq 9 global_irq 9 high level)
[    0.000000] ACPI: INT_SRC_OVR (bus 0 bus_irq 10 global_irq 10 high level)
[    0.000000] ACPI: INT_SRC_OVR (bus 0 bus_irq 11 global_irq 11 high level)
[    0.000000] ACPI: Using ACPI (MADT) for SMP configuration information
[    0.000000] CPU topo: Max. logical packages:   1
[    0.000000] CPU topo: Max. logical nodes:      1
[    0.000000] CPU topo: Num. nodes per package:  1
[    0.000000] CPU topo: Max. logical dies:       1
[    0.000000] CPU topo: Max. dies per package:   1
[    0.000000] CPU topo: Max. threads per core:   1
[    0.000000] CPU topo: Num. cores per package:     1
[    0.000000] CPU topo: Num. threads per package:   1
[    0.000000] CPU topo: Allowing 1 present CPUs plus 0 hotplug CPUs
[    0.000000] [gap 0x08000000-0xfffbffff] available for PCI devices
[    0.000000] clocksource: refined-jiffies: mask: 0xffffffff max_cycles: 0xffffffff, max_idle_ns: 1910969940391419 ns
[    0.000000] Zone ranges:
[    0.000000]   DMA      [mem 0x0000000000001000-0x0000000000ffffff]
[    0.000000]   Normal   [mem 0x0000000001000000-0x0000000007fdffff]
[    0.000000] Movable zone start for each node
[    0.000000] Early memory node ranges
[    0.000000]   node   0: [mem 0x0000000000001000-0x000000000009efff]
[    0.000000]   node   0: [mem 0x0000000000100000-0x0000000007fdffff]
[    0.000000] Initmem setup node 0 [mem 0x0000000000001000-0x0000000007fdffff]
[    0.000000] On node 0, zone DMA: 1 pages in unavailable ranges
[    0.000000] On node 0, zone DMA: 97 pages in unavailable ranges
[    0.000000] On node 0, zone Normal: 32 pages in unavailable ranges
[    0.000000] setup_percpu: NR_CPUS:8 nr_cpumask_bits:1 nr_cpu_ids:1 nr_node_ids:1
[    0.000000] percpu: Embedded 25 pages/cpu s70912 r0 d31488 u102400
[    0.000000] Kernel command line: console=ttyS0
[    0.000000] printk: log buffer data + meta data: 131072 + 409600 = 540672 bytes
[    0.000000] Dentry cache hash table entries: 16384 (order: 4, 65536 bytes, linear)
[    0.000000] Inode-cache hash table entries: 8192 (order: 3, 32768 bytes, linear)
[    0.000000] Built 1 zonelists, mobility grouping on.  Total pages: 32638
[    0.000000] mem auto-init: stack:all(zero), heap alloc:off, heap free:off
[    0.000000] Checking if this processor honours the WP bit even in supervisor mode...Ok.
[    0.000000] SLUB: HWalign=32, Order=0-3, MinObjects=0, CPUs=1, Nodes=1
[    0.000000] Dynamic Preempt: lazy
[    0.000000] rcu: Preemptible hierarchical RCU implementation.
[    0.000000] rcu: 	RCU restricting CPUs from NR_CPUS=8 to nr_cpu_ids=1.
[    0.000000] rcu: RCU calculated value of scheduler-enlistment delay is 100 jiffies.
[    0.000000] rcu: Adjusting geometry for rcu_fanout_leaf=16, nr_cpu_ids=1
[    0.000000] NR_IRQS: 2304, nr_irqs: 48, preallocated irqs: 16
[    0.000000] rcu: srcu_init: Setting srcu_struct sizes based on contention.
[    0.000000] clocksource: jiffies: mask: 0xffffffff max_cycles: 0xffffffff, max_idle_ns: 1911260446275000 ns
[    0.000000] Console: colour VGA+ 80x25
[    0.000000] printk: legacy console [ttyS0] enabled
[    0.000000] ACPI: Core revision 20260408
[    0.004000] APIC: Switch to symmetric I/O mode setup
[    0.012000] ..TIMER: vector=0x30 apic1=0 pin1=2 apic2=-1 pin2=-1
[    0.021000] tsc: Unable to calibrate against PIT
[    0.022000] tsc: using PMTIMER reference calibration
[    0.022000] tsc: Detected 2294.741 MHz processor
[    0.000976] clocksource: tsc-early: mask: 0xffffffffffffffff max_cycles: 0x2113cd26f70, max_idle_ns: 440795261935 ns
[    0.003999] Calibrating delay loop (skipped), value calculated using timer frequency.. 4589.48 BogoMIPS (lpj=2294741)
[    0.012403] Last level iTLB entries: 4KB 0, 2MB 0, 4MB 0
[    0.012699] Last level dTLB entries: 4KB 0, 2MB 0, 4MB 0, 1GB 0
[    0.013440] mitigations: Enabled attack vectors: user_kernel, user_user, SMT mitigations: auto
[    0.014351] Speculative Store Bypass: Vulnerable
[    0.014940] Spectre V2 : Mitigation: Retpolines
[    0.015237] ITS: Vulnerable
[    0.015646] MDS: Vulnerable: Clear CPU buffers attempted, no microcode
[    0.016167] Spectre V1 : Mitigation: usercopy/swapgs barriers and __user pointer sanitization
[    0.016787] Spectre V2 : Spectre v2 / SpectreRSB: Filling RSB on context switch and VMEXIT
[    0.017447] L1TF: Kernel not compiled for PAE. No mitigation for L1TF
[    0.022078] x86/fpu: x87 FPU will use FXSAVE
[    0.307031] pid_max: default: 32768 minimum: 301
[    0.336602] Mount-cache hash table entries: 1024 (order: 0, 4096 bytes, linear)
[    0.337501] Mountpoint-cache hash table entries: 1024 (order: 0, 4096 bytes, linear)
[    0.361589] VFS: Finished mounting rootfs on nullfs
[    0.501314] smpboot: CPU0: Intel QEMU Virtual CPU version 2.5+ (family: 0x6, model: 0x6, stepping: 0x3)
[    0.530038] Performance Events: PMU not available due to virtualization, using software events only.
[    0.534630] signal: max sigframe size: 1440
[    0.538314] rcu: Hierarchical SRCU implementation.
[    0.538512] rcu: 	Max phase no-delay instances is 400.
[    0.548807] smp: Bringing up secondary CPUs ...
[    0.557657] smp: Brought up 1 node, 1 CPU
[    0.558230] smpboot: Total of 1 processors activated (4589.48 BogoMIPS)
[    0.574314] Memory: 114272K/130552K available (7160K kernel code, 670K rwdata, 1992K rodata, 748K init, 256K bss, 15208K reserved, 0K cma-reserved)
[    0.591903] devtmpfs: initialized
[    0.618434] posixtimers hash table entries: 512 (order: 0, 4096 bytes, linear)
[    0.619215] futex hash table entries: 256 (8192 bytes on 1 NUMA nodes, total 8 KiB, linear).
[    0.639523] NET: Registered PF_NETLINK/PF_ROUTE protocol family
[    0.661075] thermal_sys: Registered thermal governor 'step_wise'
[    0.662838] cpuidle: using governor menu
[    0.667532] Freeing SMP alternatives memory: 28K
[    0.677436] PCI: PCI BIOS revision 2.10 entry at 0xfd1d9, last bus=0
[    0.677924] PCI: Using configuration type 1 for base access
[    0.695019] ACPI: Added _OSI(Module Device)
[    0.695432] ACPI: Added _OSI(Processor Device)
[    0.695667] ACPI: Added _OSI(Processor Aggregator Device)
[    0.770603] ACPI: 1 ACPI AML tables successfully acquired and loaded
[    0.813674] ACPI: \_SB_: platform _OSC: OS support mask [000a2e8e]
[    0.831067] ACPI: Interpreter enabled
[    0.833528] ACPI: PM: (supports S0 S3 S5)
[    0.833803] ACPI: Using IOAPIC for interrupt routing
[    0.834866] PCI: Using host bridge windows from ACPI; if necessary, use "pci=nocrs" and report a bug
[    0.835336] PCI: Using E820 reservations for host bridge windows
[    0.839786] ACPI: Enabled 2 GPEs in block 00 to 0F
[    0.987140] ACPI: PCI Root Bridge [PCI0] (domain 0000 [bus 00-ff])
[    0.989492] acpi PNP0A03:00: _OSC: OS supports [ASPM ClockPM Segments HPX-Type3]
[    0.990357] acpi PNP0A03:00: PCIe port services disabled; not requesting _OSC control
[    0.991469] acpi PNP0A03:00: _OSC: platform retains control of PCIe features (AE_ERROR)
[    0.992577] acpi PNP0A03:00: fail to add MMCONFIG information, can't access extended configuration space under this bridge
[    0.995314] acpi resource window ([0x100000000-0x17fffffff] ignored, not CPU addressable)
[    1.002948] PCI host bridge to bus 0000:00
[    1.004087] pci_bus 0000:00: root bus resource [io  0x0000-0x0cf7 window]
[    1.005449] pci_bus 0000:00: root bus resource [io  0x0d00-0xffff window]
[    1.005777] pci_bus 0000:00: root bus resource [mem 0x000a0000-0x000bffff window]
[    1.006369] pci_bus 0000:00: root bus resource [mem 0x08000000-0xfebfffff window]
[    1.006948] pci_bus 0000:00: root bus resource [bus 00-ff]
[    1.011314] pci 0000:00:00.0: [8086:1237] type 00 class 0x060000 conventional PCI endpoint
[    1.023135] pci 0000:00:01.0: [8086:7000] type 00 class 0x060100 conventional PCI endpoint
[    1.026536] pci 0000:00:01.1: [8086:7010] type 00 class 0x010180 conventional PCI endpoint
[    1.028880] pci 0000:00:01.1: BAR 4 [io  0xc040-0xc04f]
[    1.029364] pci 0000:00:01.1: BAR 0 [io  0x01f0-0x01f7]: legacy IDE quirk
[    1.029679] pci 0000:00:01.1: BAR 1 [io  0x03f6]: legacy IDE quirk
[    1.029961] pci 0000:00:01.1: BAR 2 [io  0x0170-0x0177]: legacy IDE quirk
[    1.030250] pci 0000:00:01.1: BAR 3 [io  0x0376]: legacy IDE quirk
[    1.032661] pci 0000:00:01.3: [8086:7113] type 00 class 0x068000 conventional PCI endpoint
[    1.034170] pci 0000:00:01.3: quirk: [io  0x0600-0x063f] claimed by PIIX4 ACPI
[    1.034786] pci 0000:00:01.3: quirk: [io  0x0700-0x070f] claimed by PIIX4 SMB
[    1.039157] pci 0000:00:02.0: [1234:1111] type 00 class 0x030000 conventional PCI endpoint
[    1.042366] pci 0000:00:02.0: BAR 0 [mem 0xfd000000-0xfdffffff pref]
[    1.043102] pci 0000:00:02.0: BAR 2 [mem 0xfebb0000-0xfebb0fff]
[    1.043403] pci 0000:00:02.0: ROM [mem 0xfeba0000-0xfebaffff pref]
[    1.044628] pci 0000:00:02.0: Video device with shadowed ROM at [mem 0x000c0000-0x000dffff]
[    1.046969] pci 0000:00:03.0: [8086:100e] type 00 class 0x020000 conventional PCI endpoint
[    1.048385] pci 0000:00:03.0: BAR 0 [mem 0xfeb80000-0xfeb9ffff]
[    1.049458] pci 0000:00:03.0: BAR 1 [io  0xc000-0xc03f]
[    1.049905] pci 0000:00:03.0: ROM [mem 0xfeb00000-0xfeb7ffff pref]
[    1.092314] ACPI: PCI: Interrupt link LNKA configured for IRQ 10
[    1.094966] ACPI: PCI: Interrupt link LNKB configured for IRQ 10
[    1.097102] ACPI: PCI: Interrupt link LNKC configured for IRQ 11
[    1.100459] ACPI: PCI: Interrupt link LNKD configured for IRQ 11
[    1.102960] ACPI: PCI: Interrupt link LNKS configured for IRQ 9
[    1.113003] iommu: Default domain type: Translated
[    1.113370] iommu: DMA domain TLB invalidation policy: lazy mode
[    1.119738] SCSI subsystem initialized
[    1.124137] ACPI: bus type USB registered
[    1.125484] usbcore: registered new interface driver usbfs
[    1.126560] usbcore: registered new interface driver hub
[    1.127095] usbcore: registered new device driver usb
[    1.128336] pps_core: LinuxPPS API ver. 1 registered
[    1.128616] pps_core: Software ver. 5.3.6 - Copyright 2005-2007 Rodolfo Giometti <giometti@linux.it>
[    1.129031] PTP clock support registered
[    1.133458] Advanced Linux Sound Architecture Driver Initialized.
[    1.154945] PCI: Using ACPI for IRQ routing
[    1.157153] e820: register RAM buffer resource [mem 0x0009fc00-0x0009ffff]
[    1.157716] e820: register RAM buffer resource [mem 0x07fe0000-0x07ffffff]
[    1.169314] pci 0000:00:02.0: vgaarb: setting as boot VGA device
[    1.169314] pci 0000:00:02.0: vgaarb: bridge control possible
[    1.169314] pci 0000:00:02.0: vgaarb: VGA device added: decodes=io+mem,owns=io+mem,locks=none
[    1.169480] vgaarb: loaded
[    1.173642] clocksource: Switched to clocksource tsc-early
[    1.180415] pnp: PnP ACPI init
[    1.200031] pnp: PnP ACPI: found 5 devices
[    1.323665] clocksource: acpi_pm: mask: 0xffffff max_cycles: 0xffffff, max_idle_ns: 2085701024 ns
[    1.326933] pci_bus 0000:00: resource 4 [io  0x0000-0x0cf7 window]
[    1.327466] pci_bus 0000:00: resource 5 [io  0x0d00-0xffff window]
[    1.327903] pci_bus 0000:00: resource 6 [mem 0x000a0000-0x000bffff window]
[    1.328544] pci_bus 0000:00: resource 7 [mem 0x08000000-0xfebfffff window]
[    1.332022] pci 0000:00:01.0: PIIX3: Enabling Passive Release
[    1.332992] pci 0000:00:00.0: Limiting direct PCI/PCI transfers
[    1.333781] pci 0000:00:01.0: Activating ISA DMA hang workarounds
[    1.334791] PCI: CLS 0 bytes, default 32
[    1.364996] Unpacking initramfs...
[    1.372478] workingset: timestamp_bits=30 (anon: 25) max_order=15 bucket_order=0 (anon: 0)
[    1.393831] Block layer SCSI generic (bsg) driver version 0.4 loaded (major 251)
[    1.397441] io scheduler mq-deadline registered
[    1.397811] io scheduler kyber registered
[    1.422859] input: Power Button as /devices/platform/LNXPWRBN:00/input/input0
[    1.433596] ACPI: button: Power Button [PWRF]
[    2.144636] Serial: 8250/16550 driver, 4 ports, IRQ sharing disabled
[    2.179747] 00:04: ttyS0 at I/O 0x3f8 (irq = 4, base_baud = 115200) is a 16550A
[    2.231784] hpet_acpi_probe: no address or irqs in _CRS
[    2.257054] Non-volatile memory driver v1.3
[    2.265549] ACPI: bus type drm_connector registered
[    2.351947] loop: module loaded
[    2.378937] tsc: Refined TSC clocksource calibration: 2294.733 MHz
[    2.380345] clocksource: tsc: mask: 0xffffffffffffffff max_cycles: 0x2113c5ac46f, max_idle_ns: 440795231420 ns
[    2.383689] clocksource: Switched to clocksource tsc
[    2.411249] scsi host0: ata_piix
[    2.423832] scsi host1: ata_piix
[    2.429199] ata1: PATA max MWDMA2 cmd 0x1f0 ctl 0x3f6 bmdma 0xc040 irq 14 lpm-pol 0
[    2.430772] ata2: PATA max MWDMA2 cmd 0x170 ctl 0x376 bmdma 0xc048 irq 15 lpm-pol 0
[    2.462819] e100: Intel(R) PRO/100 Network Driver
[    2.463095] e100: Copyright(c) 1999-2006 Intel Corporation
[    2.465970] e1000: Intel(R) PRO/1000 Network Driver
[    2.468640] e1000: Copyright (c) 1999-2006 Intel Corporation.
[    2.515091] Freeing initrd memory: 2272K
[    2.620681] ata2: found unknown device (class 0)
[    2.638543] ata1: found unknown device (class 0)
[    2.650798] ata2.00: ATAPI: QEMU DVD-ROM, 2.5+, max UDMA/100
[    2.659098] ata1.00: Model 'QEMU HARDDISK', rev '2.5+', applying quirks: bridgeok
[    2.662854] ata1.00: ATA-7: QEMU HARDDISK, 2.5+, max UDMA/100
[    2.663490] ata1.00: 15280 sectors, multi 16: LBA48 
[    2.754087] scsi 0:0:0:0: Direct-Access     ATA      QEMU HARDDISK    2.5+ PQ: 0 ANSI: 5
[    2.785700] sd 0:0:0:0: Attached scsi generic sg0 type 0
[    2.805433] sd 0:0:0:0: [sda] 15280 512-byte logical blocks: (7.82 MB/7.46 MiB)
[    2.811302] sd 0:0:0:0: [sda] Write Protect is off
[    2.821925] scsi 1:0:0:0: CD-ROM            QEMU     QEMU DVD-ROM     2.5+ PQ: 0 ANSI: 5
[    2.825045] sd 0:0:0:0: [sda] Write cache: enabled, read cache: enabled, doesn't support DPO or FUA
[    2.842872] sd 0:0:0:0: [sda] Preferred minimum I/O size 512 bytes
[    2.906879] sr 1:0:0:0: [sr0] scsi3-mmc drive: 4x/4x cd/rw xa/form2 tray
[    2.936798] cdrom: Uniform CD-ROM driver Revision: 3.20
[    2.973863] sr 1:0:0:0: Attached scsi generic sg1 type 5
[    2.993925]  sda:
[    3.006899] sd 0:0:0:0: [sda] Attached SCSI disk
[    3.521261] ACPI: \_SB_.LNKC: Enabled at IRQ 11
[    3.896610] e1000 0000:00:03.0 eth0: (PCI:33MHz:32-bit) 52:54:00:12:34:56
[    3.898472] e1000 0000:00:03.0 eth0: Intel(R) PRO/1000 Network Connection
[    3.905032] usbcore: registered new interface driver usb-storage
[    3.908140] i8042: PNP: PS/2 Controller [PNP0303:KBD,PNP0f13:MOU] at 0x60,0x64 irq 1,12
[    3.922578] serio: i8042 KBD port at 0x60,0x64 irq 1
[    3.926451] serio: i8042 AUX port at 0x60,0x64 irq 12
[    3.943688] rtc_cmos PNP0B00:00: RTC can wake from S4
[    3.948422] input: AT Translated Set 2 keyboard as /devices/platform/i8042/serio0/input/input1
[    3.970532] rtc_cmos PNP0B00:00: registered as rtc0
[    3.974615] rtc_cmos PNP0B00:00: setting system clock to 2026-09-02T01:02:40 UTC (1788310960)
[    3.978056] rtc_cmos PNP0B00:00: alarms up to one day, y3k, 242 bytes nvram
[    3.981109] intel_pstate: CPU model not supported
[    3.984488] hid: raw HID events driver (C) Jiri Kosina
[    3.986872] usbcore: registered new interface driver usbhid
[    3.987211] usbhid: USB HID core driver
[    3.991942] NET: Registered PF_PACKET protocol family
[    3.992424] mce: Unable to init MCE device (rc: -5)
[    3.995748] IPI shorthand broadcast: enabled
[    4.092347] sched_clock: Marking stable (4113032723, -21685588)->(4148987410, -57640275)
[    4.161197] ALSA device list:
[    4.162306]   No soundcards found.
[    4.377242] Freeing unused kernel image (initmem) memory: 748K
[    4.380314] Write protecting kernel text and read-only data: 9156k
[    4.381249] Run /init as init process
[    4.393833] input: ImExPS/2 Generic Explorer Mouse as /devices/platform/i8042/serio1/input/input3
[    4.415490] process '/sbin/init' started with executable stack
SWL OS - init
sh: cannot set terminal process group (-1): Inappropriate ioctl for device
sh: no job control in this shell
sh-5.2# [   14.008505] random: crng init done
